[lucaswoock.com/index.html]
[lucaswoock.com/wp-content/themes/nc/static/favicon/apple-touch-icon.png]
[lucaswoock.com/wp-content/themes/nc/static/favicon/favicon-32x32.png]
[lucaswoock.com/wp-content/themes/nc/static/favicon/favicon-16x16.png]
[lucaswoock.com/wp-content/themes/nc/static/favicon/favicon.ico]
[lucaswoock.com/wp-content/themes/nc/static/favicon/browserconfig.xml]
[backblue.gif]
[fade.gif]
[index.html]
[lucaswoock.com/wp-content/uploads/2023/09/Twitter.jpg]
[lucaswoock.com/wp-includes/css/dist/block-library/style.mine35d.css]
[lucaswoock.com/feed/index.html]
[lucaswoock.com/wp-content/themes/nc/dist/css/stylese35d.css]
[lucaswoock.com/wp-json/wp/v2/pages/20.json]
[lucaswoock.com/wp-json/index.html]
[lucaswoock.com/xmlrpc0db0.php]
[lucaswoock.com/wp-json/oembed/1.0/embed5075.json]
[lucaswoock.com/wp-json/oembed/1.0/embeda1fd]
[lucaswoock.com/wp-content/uploads/2023/09/GP-explorer-cover-1400x933.jpg]
[lucaswoock.com/works/index.html]
[lucaswoock.com/wp-content/uploads/2023/08/thumb-parcel-1400x1080.jpg]
[lucaswoock.com/contact/index.html]
[lucaswoock.com/about/index.html]
[lucaswoock.com/wp-content/uploads/2023/08/vignette-1400x933.jpg]
[lucaswoock.com/legal-notice/index.html]
[lucaswoock.com/works/gp-explorer-2/index.html]
[lucaswoock.com/works/parcel-tiny-house/index.html]
[lucaswoock.com/works/maison-kitsune/index.html]
[lucaswoock.com/wp-content/uploads/2023/08/Rectangle-24-1916x1080.jpg]
[lucaswoock.com/wp-content/themes/nc/dist/manifestf30b.js]
[lucaswoock.com/wp-content/themes/nc/dist/js/appe35d.js]
[lucaswoock.com/index.html]
[lucaswoock.com/wp-content/themes/nc/static/favicon/site.html]
[lucaswoock.com/wp-content/themes/nc/static/favicon/safari-pinned-tab.svg]
[lucaswoock.com/wp-includes/css/dist/block-library/style.mine35d.css]
[lucaswoock.com/wp-content/themes/nc/dist/fonts/PPNeueMachina-PlainMedium.woff]
[lucaswoock.com/wp-content/themes/nc/dist/fonts/MonumentExtended-Light.woff]
[lucaswoock.com/wp-content/themes/nc/dist/fonts/MonumentExtended-Bold.woff]
[lucaswoock.com/wp-content/themes/nc/dist/vendorsf30b.js]
[lucaswoock.com/wp-content/themes/nc/dist/fonts/MonumentExtended-Ultrabold.woff]
[lucaswoock.com/wp-content/themes/nc/dist/css/stylese35d.css]
[lucaswoock.com/wp-content/uploads/2023/09/Cover-website.png]
[lucaswoock.com/wp-json/wp/v2/pages/10.json]
[lucaswoock.com/wp-json/oembed/1.0/embede549.json]
[lucaswoock.com/wp-json/oembed/1.0/embedcf53]
[lucaswoock.com/wp-content/uploads/2023/09/vignette-em-strasbourg-1400x788.jpg]
[lucaswoock.com/wp-content/uploads/2023/08/vignette-sleak-1140x1200.jpg]
[lucaswoock.com/works/sleak-tv/index.html]
[lucaswoock.com/works/em-strasbourg-business-school/index.html]
[lucaswoock.com/wp-content/uploads/2023/09/vignette-papillons-de-nuit-1400x933.jpg]
[lucaswoock.com/works/index.html]
[lucaswoock.com/works/papillons-de-nuit-live/index.html]
[lucaswoock.com/wp-json/wp/v2/pages/12.json]
[lucaswoock.com/wp-json/oembed/1.0/embed06fd.json]
[lucaswoock.com/wp-json/oembed/1.0/embed04cf]
[lucaswoock.com/about/index.html]
[lucaswoock.com/wp-json/wp/v2/pages/14.json]
[lucaswoock.com/wp-json/oembed/1.0/embedc873.json]
[lucaswoock.com/wp-json/oembed/1.0/embededa5]
[lucaswoock.com/contact/index.html]
[lucaswoock.com/wp-json/wp/v2/pages/313.json]
[lucaswoock.com/wp-json/oembed/1.0/embed63d6.json]
[lucaswoock.com/wp-json/oembed/1.0/embeda0c3]
[lucaswoock.com/legal-notice/index.html]
[lucaswoock.com/wp-content/uploads/2023/09/subdirectory_arrow_left.svg]
[lucaswoock.com/wp-content/uploads/2023/09/GP-explorer-cover.jpg]
[lucaswoock.com/wp-json/oembed/1.0/embed07a8.json]
[lucaswoock.com/wp-json/oembed/1.0/embed732c]
[lucaswoock.com/wp-content/uploads/2023/09/background-video.png]
[lucaswoock.com/wp-content/uploads/2023/09/circuit-illustration@2x-1655x1080.png]
[lucaswoock.com/wp-content/uploads/2023/09/details-illustration-left.png]
[lucaswoock.com/wp-content/uploads/2023/09/details-illustration-right.png]
[lucaswoock.com/wp-content/uploads/2023/09/homepage-part-1.png]
[lucaswoock.com/wp-content/uploads/2023/09/final-ambiant-gp-explorer-1620x1080.jpg]
[lucaswoock.com/wp-content/uploads/2023/09/homepage-part-2.png]
[lucaswoock.com/wp-content/uploads/2023/09/background-video-2-1701x1080.png]
[lucaswoock.com/wp-content/uploads/2023/09/screen-mobile-left.png]
[lucaswoock.com/wp-content/uploads/2023/09/hero-homepage-mobile.png]
[lucaswoock.com/wp-content/uploads/2023/09/screen-mobile-right.png]
[lucaswoock.com/works/gp-explorer-2/index.html]
[lucaswoock.com/wp-content/uploads/2023/08/thumb-parcel.jpg]
[lucaswoock.com/wp-json/oembed/1.0/embed4ccb.json]
[lucaswoock.com/wp-json/oembed/1.0/embed00b4]
[lucaswoock.com/wp-content/uploads/2023/08/Homepage-hero-1920x1152.png]
[lucaswoock.com/wp-content/uploads/2023/08/homepage-long-screen.png]
[lucaswoock.com/wp-content/uploads/2023/08/ambiant-parcel-tiny-house-1621x1080.jpg]
[lucaswoock.com/wp-content/uploads/2023/08/parcel-left-screen.png]
[lucaswoock.com/wp-content/uploads/2023/08/parcel-right-screen.png]
[lucaswoock.com/wp-content/uploads/2023/08/homepage-mobile-left.png]
[lucaswoock.com/wp-content/uploads/2023/08/homepage-mobile-center.png]
[lucaswoock.com/wp-content/uploads/2023/08/homepage-mobile-right.png]
[lucaswoock.com/wp-content/uploads/2023/08/ambiant-left-908x1080.jpg]
[lucaswoock.com/wp-content/uploads/2023/08/ambiant-right-908x1080.jpg]
[lucaswoock.com/wp-content/uploads/2023/08/fiche-tiny-house-desktop-1920x2624.png]
[lucaswoock.com/wp-content/uploads/2023/08/fiche-tiny-house-left.png]
[lucaswoock.com/wp-content/uploads/2023/08/fiche-tiny-house-right.png]
[lucaswoock.com/wp-content/uploads/2023/08/square-left-parcel-1620x1080.jpg]
[lucaswoock.com/wp-content/uploads/2023/08/template-tiny-house-mobile-center.png]
[lucaswoock.com/wp-content/uploads/2023/08/template-tiny-house-mobile-right.png]
[lucaswoock.com/wp-content/uploads/2023/08/template-destination-1920x4066.png]
[lucaswoock.com/works/parcel-tiny-house/index.html]
[lucaswoock.com/wp-content/uploads/2023/08/vignette.jpg]
[lucaswoock.com/wp-json/oembed/1.0/embed99f1.json]
[lucaswoock.com/wp-json/oembed/1.0/embed64bd]
[lucaswoock.com/wp-content/uploads/2023/08/product-listing-mobile-@2x.png]
[lucaswoock.com/wp-content/uploads/2023/08/filters-mobile-@2x.png]
[lucaswoock.com/wp-content/uploads/2023/08/left-screen-listing.png]
[lucaswoock.com/wp-content/uploads/2023/08/Right-screen-product-page.png]
[lucaswoock.com/wp-content/uploads/2023/08/ambiant-visual-1655x1080.png]
[lucaswoock.com/wp-content/uploads/2023/08/ambiant-visual-left-1063x1080.jpg]
[lucaswoock.com/wp-content/uploads/2023/08/mobile-product-page.png]
[lucaswoock.com/wp-content/uploads/2023/08/mobile-product-page-cross-sell.png]
[lucaswoock.com/wp-content/uploads/2023/08/left-screen-the-bluest-fox.png]
[lucaswoock.com/wp-content/uploads/2023/08/right-screen-the-bluest-fox.png]
[lucaswoock.com/wp-content/uploads/2023/08/mobile-collection-bluest-fox.png]
[lucaswoock.com/wp-content/uploads/2023/08/mobile-Intro-bluest-fox.png]
[lucaswoock.com/wp-content/uploads/2023/08/mobile-places-the-bluest-fox.png]
[lucaswoock.com/works/maison-kitsune/index.html]
[lucaswoock.com/wp-content/uploads/2023/08/icon-wireframe.svg]
[lucaswoock.com/wp-content/uploads/2023/08/icon-uidesign.svg]
[lucaswoock.com/wp-content/uploads/2023/08/icon-artdirection.svg]
[lucaswoock.com/wp-content/uploads/2023/08/asterisque.svg]
[lucaswoock.com/wp-content/uploads/2023/09/back_hand.svg]
[lucaswoock.com/wp-content/themes/nc/dist/fonts/PPNeueMachina-PlainMedium.html]
[lucaswoock.com/wp-content/themes/nc/dist/fonts/MonumentExtended-Light.html]
[lucaswoock.com/wp-content/themes/nc/dist/fonts/MonumentExtended-Bold.html]
[lucaswoock.com/wp-content/themes/nc/dist/fonts/MonumentExtended-Ultrabold.html]
[lucaswoock.com/index64b4.html]
[lucaswoock.com/wp-content/uploads/2023/09/vignette-em-strasbourg-scaled.jpg]
[lucaswoock.com/wp-json/oembed/1.0/embed7980.json]
[lucaswoock.com/wp-json/oembed/1.0/embed9168]
[lucaswoock.com/wp-content/uploads/2023/09/ambiant-left.png]
[lucaswoock.com/wp-content/uploads/2023/09/ambiant-right.png]
[lucaswoock.com/wp-content/uploads/2023/09/mobile-left.png]
[lucaswoock.com/wp-content/uploads/2023/09/mobile-center.png]
[lucaswoock.com/wp-content/uploads/2023/09/mobile-right.png]
[lucaswoock.com/wp-content/uploads/2023/09/ambiant-be-distinctive-1620x1080.jpg]
[lucaswoock.com/wp-content/uploads/2023/09/Left-screen-template-program.png]
[lucaswoock.com/wp-content/uploads/2023/09/Right-screen-template-program.png]
[lucaswoock.com/wp-content/uploads/2023/09/part-template-program.png]
[lucaswoock.com/wp-content/uploads/2023/09/Master-program-template.png]
[lucaswoock.com/wp-content/uploads/2023/09/Bachelor-program-template.png]
[lucaswoock.com/wp-content/uploads/2023/09/ambiant-left-mobile-919x1080.jpg]
[lucaswoock.com/wp-content/uploads/2023/09/mobile-master-program-1.png]
[lucaswoock.com/wp-content/uploads/2023/09/mobile-master-program-2.png]
[lucaswoock.com/wp-content/uploads/2023/09/ambiant-visual-vie-strasbourg-1655x1080.png]
[lucaswoock.com/wp-content/uploads/2023/09/page-la-vie-strasbourg.png]
[lucaswoock.com/wp-content/uploads/2023/09/Mobile-vie-strasbourg-1.png]
[lucaswoock.com/wp-content/uploads/2023/09/Mobile-vie-strasbourg-2.png]
[lucaswoock.com/wp-content/uploads/2023/09/Mobile-vie-strasbourg-3.png]
[lucaswoock.com/wp-content/uploads/2023/09/final-ambiant-1920x1080.jpg]
[lucaswoock.com/works/em-strasbourg-business-school/index.html]
[lucaswoock.com/wp-content/uploads/2023/08/vignette-sleak-scaled.jpg]
[lucaswoock.com/wp-json/oembed/1.0/embed5e83.json]
[lucaswoock.com/wp-json/oembed/1.0/embedd10c]
[lucaswoock.com/wp-content/uploads/2023/08/Homepage-left-screen.png]
[lucaswoock.com/wp-content/uploads/2023/08/homepage-right-screen-1.png]
[lucaswoock.com/wp-content/uploads/2023/08/homepage-mobile-left-1.png]
[lucaswoock.com/wp-content/uploads/2023/08/homepage-mobile-center-1.png]
[lucaswoock.com/wp-content/uploads/2023/08/homepage-mobile-right-1.png]
[lucaswoock.com/wp-content/uploads/2023/08/listing-project-left-screen.png]
[lucaswoock.com/wp-content/uploads/2023/08/listing-project-right-screen.png]
[lucaswoock.com/wp-content/uploads/2023/08/ambiant-visual-mobile-919x1080.png]
[lucaswoock.com/wp-content/uploads/2023/08/Mobile-project-listing-left.png]
[lucaswoock.com/wp-content/uploads/2023/08/Mobile-project-listing-right.png]
[lucaswoock.com/wp-content/uploads/2023/08/project-template-full-page.png]
[lucaswoock.com/wp-content/uploads/2023/08/ambiant-background-image-1655x1080.png]
[lucaswoock.com/wp-content/uploads/2023/08/Mobile-project-template-left-@2x.png]
[lucaswoock.com/wp-content/uploads/2023/08/Mobile-project-template-right-@2x.png]
[lucaswoock.com/wp-content/uploads/2023/08/about-left-screen.png]
[lucaswoock.com/wp-content/uploads/2023/08/about-right-screen.png]
[lucaswoock.com/wp-content/uploads/2023/08/ambient-visual-mobile-2-919x1080.png]
[lucaswoock.com/wp-content/uploads/2023/08/image-2.png]
[lucaswoock.com/wp-content/uploads/2023/08/image-3.png]
[lucaswoock.com/works/sleak-tv/index.html]
[lucaswoock.com/wp-content/uploads/2023/09/vignette-papillons-de-nuit.jpg]
[lucaswoock.com/wp-json/oembed/1.0/embed4e1b.json]
[lucaswoock.com/wp-json/oembed/1.0/embed8a67]
[lucaswoock.com/wp-content/uploads/2023/09/background-desktop-1663x1080.png]
[lucaswoock.com/wp-content/uploads/2023/09/left-screen-p2n.png]
[lucaswoock.com/wp-content/uploads/2023/09/right-screen-p2n.png]
[lucaswoock.com/wp-content/uploads/2023/09/ambiant-visual-1655x1080.jpg]
[lucaswoock.com/wp-content/uploads/2023/09/friday-listing-p2n-live.png]
[lucaswoock.com/wp-content/uploads/2023/09/background-mobile-screens-1656x1080.png]
[lucaswoock.com/wp-content/uploads/2023/09/mobile-P2N-live-left.png]
[lucaswoock.com/wp-content/uploads/2023/09/mobile-P2N-live-center.png]
[lucaswoock.com/wp-content/uploads/2023/09/mobile-P2N-live-right.png]
[lucaswoock.com/wp-content/uploads/2023/09/ambiant-visual-P2N-Live-2-1655x1080.jpg]
[lucaswoock.com/wp-content/uploads/2023/09/left-screen-content-p2n.png]
[lucaswoock.com/wp-content/uploads/2023/09/right-screen-content-p2n.png]
[lucaswoock.com/wp-content/uploads/2023/09/mobile-content-template-left.png]
[lucaswoock.com/wp-content/uploads/2023/09/mobile-content-template-center.png]
[lucaswoock.com/wp-content/uploads/2023/09/mobile-content-template-right.png]
[lucaswoock.com/works/papillons-de-nuit-live/index.html]
[lucaswoock.com/index678b.html]
[lucaswoock.com/index0b69.html]
[lucaswoock.com/index8c55.html]
[lucaswoock.com/index6543.html]
[lucaswoock.com/index5cfa.html]
[lucaswoock.com/index3fbb.html]
[lucaswoock.com/wp-content/uploads/2023/08/ambiant-visual-the-bluest-fox-1655x1080.png]
[lucaswoock.com/index4c85.html]
[lucaswoock.com/index36d4.html]
[lucaswoock.com/indexe1a1.html]
